// Jest Snapshot v1, https://goo.gl/fbAQLP

exports[`renders a codemirror 1`] = `
<div
  style={
    Object {
      "flex": 1,
      "position": "relative",
    }
  }
>
  <div
    className="react-codemirror2"
  />
</div>
`;
