// Jest Snapshot v1, https://goo.gl/fbAQLP

exports[`correctly renders keywords inside a comment 1`] = `
<pre
  style={
    Object {
      "backgroundColor": "transparent",
      "margin": 0,
      "padding": 0,
    }
  }
>
  -- this comment contains a dash - do not highlight if drop table
select * from q2_on_time_data
where origin = 'SFO'
</pre>
`;
