// Jest Snapshot v1, https://goo.gl/fbAQLP

exports[`renders given an execution plan 1`] = `
<div
  className="ExecutionPlan__ExecutionPlanContainer-sc-1gu1caw-0 jvnsoS"
>
  <div
    className="ExecutionPlan__ExecutionPlanContainerInner-sc-1gu1caw-1 cIQpcx"
  >
    <div
      className="ExecutionPlan__ExecutionTimeline-sc-1gu1caw-3 jVhIJc"
    />
    <div
      className="ExecutionPlan__ExecutionTimelineMessage-sc-1gu1caw-2 fIocxs"
    >
      <div
        className="ExecutionPlan__ExecutionTimelineDot-sc-1gu1caw-4 idBHWu"
      />
       
    </div>
    <div>
      <div
        className="ExecutionPlanBox__ExecutionPlanRowContainer-sc-1bacjj9-5 kaLnAx"
      >
        <div
          className="ExecutionPlanBox__ExecutionPlanBoxContainer-sc-1bacjj9-6 bvnZYX waiting"
          onClick={[Function]}
          style={
            Object {
              "transitionDelay": "-100ms",
            }
          }
        >
          <div
            className="ExecutionPlanBox__ExecutionFinishedFlash-sc-1bacjj9-4 bGNKzx"
            style={
              Object {
                "transitionDelay": "-100ms",
              }
            }
          />
          <div
            style={
              Object {
                "alignItems": "center",
                "display": "inline-flex",
              }
            }
          >
            <div
              className="ExecutionPlanBox__ExecutionStateWrap-sc-1bacjj9-0 fipiZp"
              onClick={[Function]}
            >
              <div
                className="ExecutionStateDot-bprv14-0 fGCtEf"
                style={
                  Object {
                    "transitionDelay": "-100ms",
                  }
                }
                title="Waiting"
              />
              <div
                style={
                  Object {
                    "width": 4,
                  }
                }
              />
            </div>
            <div
              className="ExecutionPlanBox__ExecutionPlanBoxName-sc-1bacjj9-3 hFUwrq"
              title="raw_file_event_admins.compute"
            >
              raw_file_event_admins.compute
            </div>
          </div>
        </div>
      </div>
    </div>
  </div>
</div>
`;
