// Jest Snapshot v1, https://goo.gl/fbAQLP

exports[`renders given materializations and passing expectations 1`] = `
<div
  className="ExecutionPlanBox__ExecutionPlanRowContainer-sc-1bacjj9-5 kaLnAx"
>
  <div
    className="ExecutionPlanBox__ExecutionPlanBoxContainer-sc-1bacjj9-6 beJStN succeeded"
    onClick={[Function]}
    style={
      Object {
        "transitionDelay": "200ms",
      }
    }
  >
    <div
      className="ExecutionPlanBox__ExecutionFinishedFlash-sc-1bacjj9-4 bRVdHa"
      style={
        Object {
          "transitionDelay": "200ms",
        }
      }
    />
    <div
      style={
        Object {
          "alignItems": "center",
          "display": "inline-flex",
        }
      }
    >
      <div
        className="ExecutionPlanBox__ExecutionStateWrap-sc-1bacjj9-0 fipiZp"
        onClick={[Function]}
      >
        <div
          className="ExecutionStateDot-bprv14-0 gPIOyE"
          style={
            Object {
              "transitionDelay": "200ms",
            }
          }
          title="Succeeded"
        />
        <div
          style={
            Object {
              "width": 4,
            }
          }
        />
        <div
          className="ExecutionPlanBox__DisclosureTriangle-sc-1bacjj9-1 jOyxhL"
          onClick={[Function]}
        />
      </div>
      <div
        className="ExecutionPlanBox__ExecutionPlanBoxName-sc-1bacjj9-3 hFUwrq"
        title="many_materializations_and_passing_expectations"
      >
        many_materializations_and_passing_expectations
      </div>
      <div
        className="ExecutionPlanBox__ExecutionTimeContainer-sc-1bacjj9-2 dabeHx"
        style={
          Object {
            "minWidth": 47.6,
          }
        }
      >
        21 msec
      </div>
    </div>
  </div>
</div>
`;

exports[`renders given materializations and passing expectations 2`] = `
<div
  className="ExecutionPlanBox__ExecutionPlanRowContainer-sc-1bacjj9-5 kaLnAx"
>
  <div
    className="ExecutionPlanBox__ExecutionPlanBoxContainer-sc-1bacjj9-6 beJStN succeeded"
    onClick={[Function]}
    style={
      Object {
        "transitionDelay": "200ms",
      }
    }
  >
    <div
      className="ExecutionPlanBox__ExecutionFinishedFlash-sc-1bacjj9-4 bRVdHa"
      style={
        Object {
          "transitionDelay": "200ms",
        }
      }
    />
    <div
      style={
        Object {
          "alignItems": "center",
          "display": "inline-flex",
        }
      }
    >
      <div
        className="ExecutionPlanBox__ExecutionStateWrap-sc-1bacjj9-0 fipiZp"
        onClick={[Function]}
      >
        <div
          className="ExecutionStateDot-bprv14-0 gPIOyE"
          style={
            Object {
              "transitionDelay": "200ms",
            }
          }
          title="Succeeded"
        />
        <div
          style={
            Object {
              "width": 4,
            }
          }
        />
        <div
          className="ExecutionPlanBox__DisclosureTriangle-sc-1bacjj9-1 jOyxhL"
          onClick={[Function]}
        />
      </div>
      <div
        className="ExecutionPlanBox__ExecutionPlanBoxName-sc-1bacjj9-3 hFUwrq"
        title="many_materializations_and_passing_expectations"
      >
        many_materializations_and_passing_expectations
      </div>
      <div
        className="ExecutionPlanBox__ExecutionTimeContainer-sc-1bacjj9-2 dabeHx"
        style={
          Object {
            "minWidth": 47.6,
          }
        }
      >
        21 msec
      </div>
    </div>
  </div>
</div>
`;
