// Jest Snapshot v1, https://goo.gl/fbAQLP

exports[`renders given a pipeline with resources and loggers 1`] = `
<div>
  <div
    className="sc-htoDjs icLeVm"
  >
    <div
      className="sc-EHOje dltgwV"
    >
      Pipeline
    </div>
    <h3
      className="sc-bwzfXH kAXACy"
    >
      A good test pipeline
    </h3>
  </div>
  <div>
    <div
      className="sc-gzVnrw kmnULz"
      onClick={[Function]}
    >
      Description
      <span
        className="bp3-icon bp3-icon-chevron-down sc-bdVaJa jvnmTD"
        icon="chevron-down"
      >
        <svg
          data-icon="chevron-down"
          height={16}
          viewBox="0 0 16 16"
          width={16}
        >
          <desc>
            chevron-down
          </desc>
          <path
            d="M12 5c-.28 0-.53.11-.71.29L8 8.59l-3.29-3.3a1.003 1.003 0 00-1.42 1.42l4 4c.18.18.43.29.71.29s.53-.11.71-.29l4-4A1.003 1.003 0 0012 5z"
            fillRule="evenodd"
          />
        </svg>
      </span>
    </div>
    <div
      className="bp3-collapse"
      style={
        Object {
          "height": "auto",
          "overflowY": "visible",
          "transition": "none",
        }
      }
    >
      <div
        aria-hidden={false}
        className="bp3-collapse-body"
        style={
          Object {
            "transform": "translateY(0)",
            "transition": "none",
          }
        }
      >
        <div
          className="sc-htoDjs icLeVm"
        >
          <div
            className="sc-dnqmqq jAGQAf"
            onDoubleClick={[Function]}
            style={
              Object {
                "maxHeight": 320,
              }
            }
          >
            <div
              style={
                Object {
                  "overflowX": "auto",
                }
              }
            >
              <p>
                Very friendly and helpful
              </p>
            </div>
          </div>
        </div>
      </div>
    </div>
  </div>
  <div>
    <div
      className="sc-gzVnrw kmnULz"
      onClick={[Function]}
    >
      Modes
      <span
        className="bp3-icon bp3-icon-chevron-down sc-bdVaJa jvnmTD"
        icon="chevron-down"
      >
        <svg
          data-icon="chevron-down"
          height={16}
          viewBox="0 0 16 16"
          width={16}
        >
          <desc>
            chevron-down
          </desc>
          <path
            d="M12 5c-.28 0-.53.11-.71.29L8 8.59l-3.29-3.3a1.003 1.003 0 00-1.42 1.42l4 4c.18.18.43.29.71.29s.53-.11.71-.29l4-4A1.003 1.003 0 0012 5z"
            fillRule="evenodd"
          />
        </svg>
      </span>
    </div>
    <div
      className="bp3-collapse"
      style={
        Object {
          "height": "auto",
          "overflowY": "visible",
          "transition": "none",
        }
      }
    >
      <div
        aria-hidden={false}
        className="bp3-collapse-body"
        style={
          Object {
            "transform": "translateY(0)",
            "transition": "none",
          }
        }
      >
        <div
          className="sc-htoDjs icLeVm"
        >
          <div
            className="sc-bZQynM dPnpZk"
          >
            <h4
              className="sc-htpNat gNWcHK"
            >
              one_good_mode
            </h4>
            <div
              className="sc-dnqmqq jAGQAf"
              onDoubleClick={[Function]}
              style={
                Object {
                  "maxHeight": 320,
                }
              }
            >
              <div
                style={
                  Object {
                    "overflowX": "auto",
                  }
                }
              >
                <p>
                  A way to run your pipeline
                </p>
              </div>
            </div>
            <div
              className="sc-cSHVUG lgPeWV"
            >
              <span
                className="bp3-icon bp3-icon-layers"
                icon="layers"
              >
                <svg
                  data-icon="layers"
                  fill="#202B33"
                  height={14}
                  viewBox="0 0 16 16"
                  width={14}
                >
                  <desc>
                    layers
                  </desc>
                  <path
                    d="M.55 4.89l7 3.5c.14.07.29.11.45.11s.31-.04.45-.11l7-3.5a.998.998 0 00-.06-1.81L8.4.08a1.006 1.006 0 00-.79 0l-6.99 3a.992.992 0 00-.07 1.81zM15 10c-.16 0-.31.04-.45.11L8 13.38 1.45 10.1c-.14-.06-.29-.1-.45-.1-.55 0-1 .45-1 1 0 .39.23.73.55.89l7 3.5c.14.07.29.11.45.11s.31-.04.45-.11l7-3.5c.32-.16.55-.5.55-.89 0-.55-.45-1-1-1zm0-3.5c-.16 0-.31.04-.45.11L8 9.88 1.45 6.61A.997.997 0 001 6.5c-.55 0-1 .45-1 1 0 .39.23.73.55.89l7 3.5c.14.07.29.11.45.11s.31-.04.45-.11l7-3.5c.32-.16.55-.5.55-.89 0-.55-.45-1-1-1z"
                    fillRule="evenodd"
                  />
                </svg>
              </span>
              <div>
                <h4
                  className="sc-htpNat sc-jzJRlG jNaeoS"
                >
                  a_resource
                </h4>
                <div
                  className="sc-dnqmqq jAGQAf"
                  onDoubleClick={[Function]}
                  style={
                    Object {
                      "maxHeight": 320,
                    }
                  }
                >
                  <div
                    style={
                      Object {
                        "overflowX": "auto",
                      }
                    }
                  >
                    <p>
                      Very useful
                    </p>
                  </div>
                </div>
                <code
                  className="sc-gqjmRU bRLIya"
                >
                  <div
                    className="sc-fjdhpX edikPP"
                  >
                    /* A configuration dictionary with typed fields */
                  </div>
                  <span>
                    foo
                  </span>
                  <span
                    style={
                      Object {
                        "color": "#BF7326",
                        "fontWeight": 500,
                      }
                    }
                  >
                    ?
                  </span>
                </code>
              </div>
            </div>
          </div>
          <div
            className="sc-bZQynM dPnpZk"
          >
            <h4
              className="sc-htpNat gNWcHK"
            >
              another_mode
            </h4>
            <div
              className="sc-dnqmqq jAGQAf"
              onDoubleClick={[Function]}
              style={
                Object {
                  "maxHeight": 320,
                }
              }
            >
              <div
                style={
                  Object {
                    "overflowX": "auto",
                  }
                }
              >
                <p>
                  Another nice way to run your pipeline
                </p>
              </div>
            </div>
            <div
              className="sc-cSHVUG lgPeWV"
            >
              <span
                className="bp3-icon bp3-icon-layers"
                icon="layers"
              >
                <svg
                  data-icon="layers"
                  fill="#202B33"
                  height={14}
                  viewBox="0 0 16 16"
                  width={14}
                >
                  <desc>
                    layers
                  </desc>
                  <path
                    d="M.55 4.89l7 3.5c.14.07.29.11.45.11s.31-.04.45-.11l7-3.5a.998.998 0 00-.06-1.81L8.4.08a1.006 1.006 0 00-.79 0l-6.99 3a.992.992 0 00-.07 1.81zM15 10c-.16 0-.31.04-.45.11L8 13.38 1.45 10.1c-.14-.06-.29-.1-.45-.1-.55 0-1 .45-1 1 0 .39.23.73.55.89l7 3.5c.14.07.29.11.45.11s.31-.04.45-.11l7-3.5c.32-.16.55-.5.55-.89 0-.55-.45-1-1-1zm0-3.5c-.16 0-.31.04-.45.11L8 9.88 1.45 6.61A.997.997 0 001 6.5c-.55 0-1 .45-1 1 0 .39.23.73.55.89l7 3.5c.14.07.29.11.45.11s.31-.04.45-.11l7-3.5c.32-.16.55-.5.55-.89 0-.55-.45-1-1-1z"
                    fillRule="evenodd"
                  />
                </svg>
              </span>
              <div>
                <h4
                  className="sc-htpNat sc-jzJRlG jNaeoS"
                >
                  a_resource
                </h4>
                <div
                  className="sc-dnqmqq jAGQAf"
                  onDoubleClick={[Function]}
                  style={
                    Object {
                      "maxHeight": 320,
                    }
                  }
                >
                  <div
                    style={
                      Object {
                        "overflowX": "auto",
                      }
                    }
                  >
                    <p>
                      Very useful
                    </p>
                  </div>
                </div>
                <code
                  className="sc-gqjmRU bRLIya"
                >
                  <div
                    className="sc-fjdhpX edikPP"
                  >
                    /* A configuration dictionary with typed fields */
                  </div>
                  <span>
                    foo
                  </span>
                  <span
                    style={
                      Object {
                        "color": "#BF7326",
                        "fontWeight": 500,
                      }
                    }
                  >
                    ?
                  </span>
                </code>
              </div>
            </div>
            <div
              className="sc-cSHVUG lgPeWV"
            >
              <span
                className="bp3-icon bp3-icon-layers"
                icon="layers"
              >
                <svg
                  data-icon="layers"
                  fill="#202B33"
                  height={14}
                  viewBox="0 0 16 16"
                  width={14}
                >
                  <desc>
                    layers
                  </desc>
                  <path
                    d="M.55 4.89l7 3.5c.14.07.29.11.45.11s.31-.04.45-.11l7-3.5a.998.998 0 00-.06-1.81L8.4.08a1.006 1.006 0 00-.79 0l-6.99 3a.992.992 0 00-.07 1.81zM15 10c-.16 0-.31.04-.45.11L8 13.38 1.45 10.1c-.14-.06-.29-.1-.45-.1-.55 0-1 .45-1 1 0 .39.23.73.55.89l7 3.5c.14.07.29.11.45.11s.31-.04.45-.11l7-3.5c.32-.16.55-.5.55-.89 0-.55-.45-1-1-1zm0-3.5c-.16 0-.31.04-.45.11L8 9.88 1.45 6.61A.997.997 0 001 6.5c-.55 0-1 .45-1 1 0 .39.23.73.55.89l7 3.5c.14.07.29.11.45.11s.31-.04.45-.11l7-3.5c.32-.16.55-.5.55-.89 0-.55-.45-1-1-1z"
                    fillRule="evenodd"
                  />
                </svg>
              </span>
              <div>
                <h4
                  className="sc-htpNat sc-jzJRlG jNaeoS"
                >
                  b_resource
                </h4>
                <div
                  className="sc-dnqmqq jAGQAf"
                  onDoubleClick={[Function]}
                  style={
                    Object {
                      "maxHeight": 320,
                    }
                  }
                >
                  <div
                    style={
                      Object {
                        "overflowX": "auto",
                      }
                    }
                  >
                    <p>
                      Very useful
                    </p>
                  </div>
                </div>
                <code
                  className="sc-gqjmRU bRLIya"
                >
                  <div
                    className="sc-fjdhpX edikPP"
                  >
                    /* A configuration dictionary with typed fields */
                  </div>
                  <span>
                    foo
                  </span>
                  <span
                    style={
                      Object {
                        "color": "#BF7326",
                        "fontWeight": 500,
                      }
                    }
                  >
                    ?
                  </span>
                </code>
              </div>
            </div>
            <div
              className="sc-chPdSV kBkKzM"
            >
              <span
                className="bp3-icon bp3-icon-layers"
                icon="layers"
              >
                <svg
                  data-icon="layers"
                  fill="#202B33"
                  height={14}
                  viewBox="0 0 16 16"
                  width={14}
                >
                  <desc>
                    layers
                  </desc>
                  <path
                    d="M.55 4.89l7 3.5c.14.07.29.11.45.11s.31-.04.45-.11l7-3.5a.998.998 0 00-.06-1.81L8.4.08a1.006 1.006 0 00-.79 0l-6.99 3a.992.992 0 00-.07 1.81zM15 10c-.16 0-.31.04-.45.11L8 13.38 1.45 10.1c-.14-.06-.29-.1-.45-.1-.55 0-1 .45-1 1 0 .39.23.73.55.89l7 3.5c.14.07.29.11.45.11s.31-.04.45-.11l7-3.5c.32-.16.55-.5.55-.89 0-.55-.45-1-1-1zm0-3.5c-.16 0-.31.04-.45.11L8 9.88 1.45 6.61A.997.997 0 001 6.5c-.55 0-1 .45-1 1 0 .39.23.73.55.89l7 3.5c.14.07.29.11.45.11s.31-.04.45-.11l7-3.5c.32-.16.55-.5.55-.89 0-.55-.45-1-1-1z"
                    fillRule="evenodd"
                  />
                </svg>
              </span>
              <div>
                <h4
                  className="sc-htpNat sc-kAzzGY frhvrD"
                >
                  console
                </h4>
                <div
                  className="sc-dnqmqq jAGQAf"
                  onDoubleClick={[Function]}
                  style={
                    Object {
                      "maxHeight": 320,
                    }
                  }
                >
                  <div
                    style={
                      Object {
                        "overflowX": "auto",
                      }
                    }
                  >
                    <p>
                      The default colored console logger.
                    </p>
                  </div>
                </div>
                <code
                  className="sc-gqjmRU bRLIya"
                >
                  <div
                    className="sc-fjdhpX edikPP"
                  >
                    /* A configuration dictionary with typed fields */
                  </div>
                  {
                  <div
                    className="sc-VigVT fIhGog"
                  >
                      
                    <span
                      className="sc-jTzLTM eSIHQs"
                    >
                      log_level
                    </span>
                    <span
                      style={
                        Object {
                          "color": "#BF7326",
                          "fontWeight": 500,
                        }
                      }
                    >
                      ?
                    </span>
                    : 
                    <span>
                      String
                    </span>
                  </div>
                  <div
                    className="sc-VigVT fIhGog"
                  >
                      
                    <span
                      className="sc-jTzLTM eSIHQs"
                    >
                      name
                    </span>
                    <span
                      style={
                        Object {
                          "color": "#BF7326",
                          "fontWeight": 500,
                        }
                      }
                    >
                      ?
                    </span>
                    : 
                    <span>
                      String
                    </span>
                  </div>
                  }
                </code>
              </div>
            </div>
          </div>
        </div>
      </div>
    </div>
  </div>
</div>
`;
